{"level":"error","message":"❌ Nenhum CNPJ válido encontrado após 50 tentativas\n","service":"bm-automation","timestamp":"2026-06-30 03:40:02"}
{"level":"error","message":"❌ ERRO: preenchido is not defined\n","service":"bm-automation","timestamp":"2026-06-30 04:24:18"}
{"level":"error","message":"❌ ERRO: Cannot access 'path' before initialization\n","service":"bm-automation","timestamp":"2026-06-30 12:38:08"}
{"level":"error","message":"❌ ERRO: Navigating frame was detached\n","service":"bm-automation","timestamp":"2026-06-30 19:52:48"}
{"level":"error","message":"❌ ERRO: net::ERR_NO_SUPPORTED_PROXIES at https://www.facebook.com/login\n","service":"bm-automation","timestamp":"2026-07-02 12:38:24"}
{"level":"error","message":"❌ ERRO: net::ERR_INVALID_AUTH_CREDENTIALS at https://www.facebook.com/login\n","service":"bm-automation","timestamp":"2026-07-02 12:39:25"}
{"level":"error","message":"❌ ERRO: net::ERR_INVALID_AUTH_CREDENTIALS at https://www.facebook.com/login\n","service":"bm-automation","timestamp":"2026-07-02 12:43:07"}
{"level":"error","message":"❌ ERRO: net::ERR_CERT_AUTHORITY_INVALID at https://www.facebook.com/login\n","service":"bm-automation","timestamp":"2026-07-02 12:46:49"}
{"level":"error","message":"❌ ERRO: Requesting main frame too early!\n","service":"bm-automation","timestamp":"2026-07-02 12:50:32"}
{"level":"error","message":"❌ ERRO: Voltou para login após RETRY! Credenciais podem estar incorretas.\n","service":"bm-automation","timestamp":"2026-07-02 12:53:14"}
{"level":"error","message":"❌ ERRO: Login fallido após 2 tentativas - credenciais podem estar incorretas ou conta bloqueada\n","service":"bm-automation","timestamp":"2026-07-02 12:53:14"}
{"level":"error","message":"❌ Nenhum CNPJ válido encontrado após 50 tentativas\n","service":"bm-automation","timestamp":"2026-07-03 02:33:40"}
{"level":"error","message":"❌ Nenhum CNPJ válido encontrado após 50 tentativas\n","service":"bm-automation","timestamp":"2026-07-03 02:41:18"}
{"level":"error","message":"❌ Nenhum CNPJ válido encontrado após 50 tentativas\n","service":"bm-automation","timestamp":"2026-07-03 02:43:00"}
{"level":"error","message":"❌ Nenhum CNPJ válido encontrado após 50 tentativas\n","service":"bm-automation","timestamp":"2026-07-03 02:46:02"}
{"level":"error","message":"❌ Nenhum CNPJ válido encontrado após 50 tentativas\n","service":"bm-automation","timestamp":"2026-07-03 22:01:01"}
{"level":"error","message":"❌ Nenhum CNPJ válido encontrado após 50 tentativas\n","service":"bm-automation","timestamp":"2026-07-03 22:04:27"}
{"level":"error","message":"❌ Nenhum CNPJ válido encontrado após 50 tentativas\n","service":"bm-automation","timestamp":"2026-07-03 22:07:21"}
{"level":"error","message":"❌ Nenhum CNPJ válido encontrado após 50 tentativas\n","service":"bm-automation","timestamp":"2026-07-03 22:09:36"}
{"level":"error","message":"❌ Nenhum CNPJ válido encontrado após 50 tentativas\n","service":"bm-automation","timestamp":"2026-07-03 22:14:04"}
{"level":"error","message":"❌ Nenhum CNPJ válido encontrado após 50 tentativas\n","service":"bm-automation","timestamp":"2026-07-03 22:16:17"}
{"level":"error","message":"   ❌ Não foi possível obter token","service":"bm-automation","timestamp":"2026-07-03 22:20:47"}
{"level":"error","message":"❌ Nenhum CNPJ válido encontrado após 50 tentativas\n","service":"bm-automation","timestamp":"2026-07-03 22:20:47"}
{"level":"error","message":"   ❌ Erro: input não encontrado\n","service":"bm-automation","timestamp":"2026-07-03 22:27:06"}
{"level":"error","message":"❌ ERRO: Requesting main frame too early!\n","service":"bm-automation","timestamp":"2026-07-03 22:29:50"}
{"level":"error","message":"[1/3] ❌ 2cksz0so@nqmo.com falhou: Protocol error: Connection closed. Most likely the page has been closed.","service":"bm-automation","timestamp":"2026-07-03 22:29:50"}
{"level":"error","message":"❌ ERRO: Requesting main frame too early!\n","service":"bm-automation","timestamp":"2026-07-03 22:29:50"}
{"level":"error","message":"   ❌ Erro: input não encontrado\n","service":"bm-automation","timestamp":"2026-07-03 22:30:45"}
{"level":"error","message":"   ❌ Erro: input não encontrado\n","service":"bm-automation","timestamp":"2026-07-03 22:30:51"}
{"level":"error","message":"❌ ERRO: Navigating frame was detached\n","service":"bm-automation","timestamp":"2026-07-03 22:30:53"}
{"level":"error","message":"\n[==================================================]","service":"bm-automation","timestamp":"2026-07-03 22:30:53"}
{"level":"error","message":"[1/3] ❌ FALHOU: 2cksz0so@nqmo.com","service":"bm-automation","timestamp":"2026-07-03 22:30:53"}
{"level":"error","message":"Erro: Protocol error: Connection closed. Most likely the page has been closed.","service":"bm-automation","timestamp":"2026-07-03 22:30:53"}
{"level":"error","message":"[==================================================]\n","service":"bm-automation","timestamp":"2026-07-03 22:30:53"}
{"level":"error","message":"   ❌ Erro: input não encontrado\n","service":"bm-automation","timestamp":"2026-07-03 22:39:23"}
{"level":"error","message":"   ❌ Erro: input não encontrado\n","service":"bm-automation","timestamp":"2026-07-03 22:39:29"}
{"level":"error","message":"   ❌ Erro: input não encontrado\n","service":"bm-automation","timestamp":"2026-07-03 22:39:35"}
{"level":"error","message":"❌ Falhou após 3 tentativas\n","service":"bm-automation","timestamp":"2026-07-03 22:39:35"}
{"level":"error","message":"❌ ERRO: Voltou para login após RETRY! Credenciais podem estar incorretas.\n","service":"bm-automation","timestamp":"2026-07-03 22:45:13"}
{"level":"error","message":"❌ ERRO: Login fallido após 2 tentativas - credenciais podem estar incorretas ou conta bloqueada\n","service":"bm-automation","timestamp":"2026-07-03 22:45:13"}
{"level":"error","message":"❌ ERRO: Navigating frame was detached\n","service":"bm-automation","timestamp":"2026-07-04 00:05:03"}
{"level":"error","message":"\n[==================================================]","service":"bm-automation","timestamp":"2026-07-04 00:05:03"}
{"level":"error","message":"[1/3] ❌ FALHOU: 2cksz0so@nqmo.com","service":"bm-automation","timestamp":"2026-07-04 00:05:03"}
{"level":"error","message":"Erro: Protocol error: Connection closed. Most likely the page has been closed.","service":"bm-automation","timestamp":"2026-07-04 00:05:03"}
{"level":"error","message":"[==================================================]\n","service":"bm-automation","timestamp":"2026-07-04 00:05:03"}
{"level":"error","message":"❌ ERRO: Voltou para login após RETRY! Credenciais podem estar incorretas.\n","service":"bm-automation","timestamp":"2026-07-05 06:31:24"}
{"level":"error","message":"❌ ERRO: Login fallido após 2 tentativas - credenciais podem estar incorretas ou conta bloqueada\n","service":"bm-automation","timestamp":"2026-07-05 06:31:24"}
{"level":"error","message":"❌ ERRO: Voltou para login após RETRY! Credenciais podem estar incorretas.\n","service":"bm-automation","timestamp":"2026-07-05 06:35:30"}
{"level":"error","message":"\n[==================================================]","service":"bm-automation","timestamp":"2026-07-05 06:35:30"}
{"level":"error","message":"[1/3] ❌ FALHOU: 2cksz0so@nqmo.com","service":"bm-automation","timestamp":"2026-07-05 06:35:30"}
{"level":"error","message":"Erro: Protocol error: Connection closed. Most likely the page has been closed.","service":"bm-automation","timestamp":"2026-07-05 06:35:30"}
{"level":"error","message":"[==================================================]\n","service":"bm-automation","timestamp":"2026-07-05 06:35:30"}
{"level":"error","message":"❌ ERRO: Voltou para login após RETRY! Credenciais podem estar incorretas.\n","service":"bm-automation","timestamp":"2026-07-05 06:38:11"}
{"level":"error","message":"\n[==================================================]","service":"bm-automation","timestamp":"2026-07-05 06:38:11"}
{"level":"error","message":"[2/3] ❌ FALHOU: heytuv@mailto.plus","service":"bm-automation","timestamp":"2026-07-05 06:38:11"}
{"level":"error","message":"Erro: Protocol error: Connection closed. Most likely the page has been closed.","service":"bm-automation","timestamp":"2026-07-05 06:38:11"}
{"level":"error","message":"[==================================================]\n","service":"bm-automation","timestamp":"2026-07-05 06:38:11"}
{"level":"error","message":"   ❌ Erro: input não encontrado\n","service":"bm-automation","timestamp":"2026-07-06 00:42:13"}
{"level":"error","message":"❌ ERRO: Navigating frame was detached\n","service":"bm-automation","timestamp":"2026-07-06 00:42:15"}
{"level":"error","message":"   ❌ Erro: input não encontrado\n","service":"bm-automation","timestamp":"2026-07-06 01:23:50"}
{"level":"error","message":"   ❌ Erro: input não encontrado\n","service":"bm-automation","timestamp":"2026-07-06 01:23:55"}
{"level":"error","message":"   ❌ Erro: input não encontrado\n","service":"bm-automation","timestamp":"2026-07-06 01:24:01"}
{"level":"error","message":"❌ Falhou após 3 tentativas\n","service":"bm-automation","timestamp":"2026-07-06 01:24:01"}
{"level":"error","message":"   ❌ Erro: input não encontrado\n","service":"bm-automation","timestamp":"2026-07-06 01:24:48"}
{"level":"error","message":"   ❌ Erro: input não encontrado\n","service":"bm-automation","timestamp":"2026-07-06 01:24:55"}
{"level":"error","message":"   ❌ Erro: input não encontrado\n","service":"bm-automation","timestamp":"2026-07-06 01:25:01"}
{"level":"error","message":"❌ Falhou após 3 tentativas\n","service":"bm-automation","timestamp":"2026-07-06 01:25:01"}
{"level":"error","message":"   ❌ Erro: input não encontrado\n","service":"bm-automation","timestamp":"2026-07-06 01:25:54"}
{"level":"error","message":"   ❌ Erro: input não encontrado\n","service":"bm-automation","timestamp":"2026-07-06 01:26:00"}
{"level":"error","message":"   ❌ Erro: input não encontrado\n","service":"bm-automation","timestamp":"2026-07-06 01:26:06"}
{"level":"error","message":"❌ Falhou após 3 tentativas\n","service":"bm-automation","timestamp":"2026-07-06 01:26:06"}
{"level":"error","message":"   ❌ Erro: input não encontrado\n","service":"bm-automation","timestamp":"2026-07-06 01:26:42"}
{"level":"error","message":"❌ ERRO: Navigation timeout of 30000 ms exceeded\n","service":"bm-automation","timestamp":"2026-07-06 01:27:12"}
{"level":"error","message":"   ❌ Erro: input não encontrado\n","service":"bm-automation","timestamp":"2026-07-06 01:27:27"}
{"level":"error","message":"   ❌ Erro: input não encontrado\n","service":"bm-automation","timestamp":"2026-07-06 01:27:33"}
{"level":"error","message":"   ❌ Erro: input não encontrado\n","service":"bm-automation","timestamp":"2026-07-06 01:27:39"}
{"level":"error","message":"❌ Falhou após 3 tentativas\n","service":"bm-automation","timestamp":"2026-07-06 01:27:39"}
{"level":"error","message":"   ❌ Erro: input não encontrado\n","service":"bm-automation","timestamp":"2026-07-06 01:28:03"}
{"level":"error","message":"   ❌ Erro: input não encontrado\n","service":"bm-automation","timestamp":"2026-07-06 01:28:10"}
{"level":"error","message":"   ❌ Erro: input não encontrado\n","service":"bm-automation","timestamp":"2026-07-06 01:28:15"}
{"level":"error","message":"❌ Falhou após 3 tentativas\n","service":"bm-automation","timestamp":"2026-07-06 01:28:15"}
{"level":"error","message":"   ❌ Erro: input não encontrado\n","service":"bm-automation","timestamp":"2026-07-06 01:29:16"}
{"level":"error","message":"   ❌ Erro: input não encontrado\n","service":"bm-automation","timestamp":"2026-07-06 01:29:22"}
{"level":"error","message":"   ❌ Erro: input não encontrado\n","service":"bm-automation","timestamp":"2026-07-06 01:29:28"}
{"level":"error","message":"❌ Falhou após 3 tentativas\n","service":"bm-automation","timestamp":"2026-07-06 01:29:28"}
{"level":"error","message":"   ❌ Erro: input não encontrado\n","service":"bm-automation","timestamp":"2026-07-06 01:30:20"}
{"level":"error","message":"   ❌ Erro: input não encontrado\n","service":"bm-automation","timestamp":"2026-07-06 01:30:26"}
{"level":"error","message":"   ❌ Erro: input não encontrado\n","service":"bm-automation","timestamp":"2026-07-06 01:30:32"}
{"level":"error","message":"❌ Falhou após 3 tentativas\n","service":"bm-automation","timestamp":"2026-07-06 01:30:32"}
{"level":"error","message":"   ❌ Erro: input não encontrado\n","service":"bm-automation","timestamp":"2026-07-06 01:31:32"}
{"level":"error","message":"   ❌ Erro: input não encontrado\n","service":"bm-automation","timestamp":"2026-07-06 01:31:41"}
{"level":"error","message":"   ❌ Erro: input não encontrado\n","service":"bm-automation","timestamp":"2026-07-06 01:31:47"}
{"level":"error","message":"❌ Falhou após 3 tentativas\n","service":"bm-automation","timestamp":"2026-07-06 01:31:47"}
{"level":"error","message":"   ❌ Falha ao resolver CAPTCHA. Abortando esta tentativa.\n","service":"bm-automation","timestamp":"2026-07-06 01:32:20"}
{"level":"error","message":"   ❌ Falha ao resolver CAPTCHA. Abortando esta tentativa.\n","service":"bm-automation","timestamp":"2026-07-06 01:32:28"}
{"level":"error","message":"   ❌ Falha ao resolver CAPTCHA. Abortando esta tentativa.\n","service":"bm-automation","timestamp":"2026-07-06 01:32:36"}
{"level":"error","message":"❌ Falhou após 3 tentativas\n","service":"bm-automation","timestamp":"2026-07-06 01:32:36"}
{"level":"error","message":"   ❌ Erro ao resolver CAPTCHA: Request failed with status code 404\n","service":"bm-automation","timestamp":"2026-07-06 01:34:08"}
{"level":"error","message":"   ❌ Falha ao resolver CAPTCHA. Abortando esta tentativa.\n","service":"bm-automation","timestamp":"2026-07-06 01:34:08"}
{"level":"error","message":"   ❌ Erro ao resolver CAPTCHA: Request failed with status code 404\n","service":"bm-automation","timestamp":"2026-07-06 01:34:17"}
{"level":"error","message":"   ❌ Falha ao resolver CAPTCHA. Abortando esta tentativa.\n","service":"bm-automation","timestamp":"2026-07-06 01:34:17"}
{"level":"error","message":"   ❌ Erro ao resolver CAPTCHA: Request failed with status code 404\n","service":"bm-automation","timestamp":"2026-07-06 01:34:25"}
{"level":"error","message":"   ❌ Falha ao resolver CAPTCHA. Abortando esta tentativa.\n","service":"bm-automation","timestamp":"2026-07-06 01:34:25"}
{"level":"error","message":"❌ Falhou após 3 tentativas\n","service":"bm-automation","timestamp":"2026-07-06 01:34:25"}
{"level":"error","message":"   ❌ Erro ao enviar: ERROR_WRONG_USER_KEY\n","service":"bm-automation","timestamp":"2026-07-06 01:37:40"}
{"level":"error","message":"   ❌ Falha ao resolver CAPTCHA. Abortando esta tentativa.\n","service":"bm-automation","timestamp":"2026-07-06 01:37:40"}
{"level":"error","message":"❌ ERRO: Navigating frame was detached\n","service":"bm-automation","timestamp":"2026-07-06 01:37:57"}
{"level":"error","message":"   ❌ Erro ao enviar: ERROR_WRONG_USER_KEY\n","service":"bm-automation","timestamp":"2026-07-06 01:42:24"}
{"level":"error","message":"   ❌ Falha ao resolver CAPTCHA. Abortando esta tentativa.\n","service":"bm-automation","timestamp":"2026-07-06 01:42:24"}
{"level":"error","message":"❌ ERRO: Navigating frame was detached\n","service":"bm-automation","timestamp":"2026-07-06 01:42:26"}
{"level":"error","message":"❌ ERRO: Navigating frame was detached\n","service":"bm-automation","timestamp":"2026-07-06 01:44:56"}
{"level":"error","message":"❌ ERRO: Navigating frame was detached\n","service":"bm-automation","timestamp":"2026-07-06 01:45:21"}
{"level":"error","message":"   ❌ Erro ao resolver CAPTCHA: uploadResponse.data.includes is not a function\n","service":"bm-automation","timestamp":"2026-07-06 01:48:26"}
{"level":"error","message":"   ❌ Falha ao resolver CAPTCHA. Abortando esta tentativa.\n","service":"bm-automation","timestamp":"2026-07-06 01:48:26"}
{"level":"error","message":"   ❌ Erro ao resolver CAPTCHA: uploadResponse.data.includes is not a function\n","service":"bm-automation","timestamp":"2026-07-06 01:48:36"}
{"level":"error","message":"   ❌ Falha ao resolver CAPTCHA. Abortando esta tentativa.\n","service":"bm-automation","timestamp":"2026-07-06 01:48:36"}
{"level":"error","message":"   ❌ Erro ao resolver CAPTCHA: uploadResponse.data.includes is not a function\n","service":"bm-automation","timestamp":"2026-07-06 01:48:45"}
{"level":"error","message":"   ❌ Falha ao resolver CAPTCHA. Abortando esta tentativa.\n","service":"bm-automation","timestamp":"2026-07-06 01:48:45"}
{"level":"error","message":"❌ Falhou após 3 tentativas\n","service":"bm-automation","timestamp":"2026-07-06 01:48:45"}
{"level":"error","message":"   ❌ Erro ao enviar: ERROR_WRONG_USER_KEY\n","service":"bm-automation","timestamp":"2026-07-06 01:49:27"}
{"level":"error","message":"   ❌ Falha ao resolver CAPTCHA. Abortando esta tentativa.\n","service":"bm-automation","timestamp":"2026-07-06 01:49:27"}
{"level":"error","message":"   ❌ Erro ao enviar: ERROR_WRONG_USER_KEY\n","service":"bm-automation","timestamp":"2026-07-06 01:49:41"}
{"level":"error","message":"   ❌ Falha ao resolver CAPTCHA. Abortando esta tentativa.\n","service":"bm-automation","timestamp":"2026-07-06 01:49:41"}
{"level":"error","message":"   ❌ Erro ao enviar: ERROR_WRONG_USER_KEY\n","service":"bm-automation","timestamp":"2026-07-06 01:49:50"}
{"level":"error","message":"   ❌ Falha ao resolver CAPTCHA. Abortando esta tentativa.\n","service":"bm-automation","timestamp":"2026-07-06 01:49:50"}
{"level":"error","message":"❌ Falhou após 3 tentativas\n","service":"bm-automation","timestamp":"2026-07-06 01:49:50"}
{"level":"error","message":"❌ Falhou após 3 tentativas\n","service":"bm-automation","timestamp":"2026-07-06 01:52:35"}
{"level":"error","message":"   ❌ Erro ao enviar: ERROR_WRONG_USER_KEY\n","service":"bm-automation","timestamp":"2026-07-06 01:53:02"}
{"level":"error","message":"   ❌ Falha ao resolver CAPTCHA. Abortando esta tentativa.\n","service":"bm-automation","timestamp":"2026-07-06 01:53:02"}
{"level":"error","message":"❌ ERRO: Navigating frame was detached\n","service":"bm-automation","timestamp":"2026-07-06 01:53:05"}
{"level":"error","message":"   ❌ Erro ao enviar: ERROR_WRONG_USER_KEY\n","service":"bm-automation","timestamp":"2026-07-06 01:53:33"}
{"level":"error","message":"   ❌ Falha ao resolver CAPTCHA. Abortando esta tentativa.\n","service":"bm-automation","timestamp":"2026-07-06 01:53:33"}
{"level":"error","message":"   ❌ Erro ao enviar: ERROR_WRONG_USER_KEY\n","service":"bm-automation","timestamp":"2026-07-06 01:53:42"}
{"level":"error","message":"   ❌ Falha ao resolver CAPTCHA. Abortando esta tentativa.\n","service":"bm-automation","timestamp":"2026-07-06 01:53:42"}
{"level":"error","message":"   ❌ Erro ao enviar: ERROR_WRONG_USER_KEY\n","service":"bm-automation","timestamp":"2026-07-06 01:53:50"}
{"level":"error","message":"   ❌ Falha ao resolver CAPTCHA. Abortando esta tentativa.\n","service":"bm-automation","timestamp":"2026-07-06 01:53:50"}
{"level":"error","message":"❌ Falhou após 3 tentativas\n","service":"bm-automation","timestamp":"2026-07-06 01:53:50"}
{"level":"error","message":"   ❌ Erro ao enviar: ERROR_WRONG_USER_KEY\n","service":"bm-automation","timestamp":"2026-07-06 01:54:36"}
{"level":"error","message":"   ❌ Falha ao resolver CAPTCHA. Abortando esta tentativa.\n","service":"bm-automation","timestamp":"2026-07-06 01:54:36"}
{"level":"error","message":"   ❌ Erro ao enviar: ERROR_WRONG_USER_KEY\n","service":"bm-automation","timestamp":"2026-07-06 01:54:44"}
{"level":"error","message":"   ❌ Falha ao resolver CAPTCHA. Abortando esta tentativa.\n","service":"bm-automation","timestamp":"2026-07-06 01:54:44"}
{"level":"error","message":"   ❌ Erro ao enviar: ERROR_WRONG_USER_KEY\n","service":"bm-automation","timestamp":"2026-07-06 01:54:52"}
{"level":"error","message":"   ❌ Falha ao resolver CAPTCHA. Abortando esta tentativa.\n","service":"bm-automation","timestamp":"2026-07-06 01:54:52"}
{"level":"error","message":"❌ Falhou após 3 tentativas\n","service":"bm-automation","timestamp":"2026-07-06 01:54:52"}
{"level":"error","message":"❌ ERRO: Navigating frame was detached\n","service":"bm-automation","timestamp":"2026-07-06 01:58:09"}
{"level":"error","message":"❌ ERRO: Target.createTarget timed out. Increase the 'protocolTimeout' setting in launch/connect calls for a higher timeout if needed.\n","service":"bm-automation","timestamp":"2026-07-06 01:59:59"}
{"level":"error","message":"   ❌ Erro ao enviar: ERROR_WRONG_USER_KEY\n","service":"bm-automation","timestamp":"2026-07-06 02:02:03"}
{"level":"error","message":"   ❌ Falha ao resolver CAPTCHA. Abortando esta tentativa.\n","service":"bm-automation","timestamp":"2026-07-06 02:02:03"}
{"level":"error","message":"❌ ERRO: Navigating frame was detached\n","service":"bm-automation","timestamp":"2026-07-06 02:02:07"}
{"level":"error","message":"❌ Falhou após 3 tentativas\n","service":"bm-automation","timestamp":"2026-07-06 02:05:30"}
{"level":"error","message":"❌ Falhou após 3 tentativas\n","service":"bm-automation","timestamp":"2026-07-06 02:08:25"}
{"level":"error","message":"❌ Falhou após 3 tentativas\n","service":"bm-automation","timestamp":"2026-07-06 02:10:31"}
{"level":"error","message":"   ❌ Erro: input não encontrado\n","service":"bm-automation","timestamp":"2026-07-06 02:13:22"}
{"level":"error","message":"❌ Falhou após 3 tentativas\n","service":"bm-automation","timestamp":"2026-07-06 02:13:22"}
{"level":"error","message":"❌ ERRO: Requesting main frame too early!\n","service":"bm-automation","timestamp":"2026-07-06 12:31:01"}
{"level":"error","message":"❌ ERRO: Execution context was destroyed, most likely because of a navigation.\n","service":"bm-automation","timestamp":"2026-07-06 22:52:39"}
{"level":"error","message":"   ❌ Erro: input não encontrado\n","service":"bm-automation","timestamp":"2026-07-06 23:08:56"}
{"level":"error","message":"   ❌ Erro: input não encontrado\n","service":"bm-automation","timestamp":"2026-07-06 23:09:03"}
{"level":"error","message":"❌ Falhou após 3 tentativas\n","service":"bm-automation","timestamp":"2026-07-06 23:09:03"}
{"level":"error","message":"❌ ERRO: Execution context was destroyed, most likely because of a navigation.\n","service":"bm-automation","timestamp":"2026-07-06 23:26:33"}
{"level":"error","message":"❌ ERRO: net::ERR_NETWORK_CHANGED at https://www.browserscan.net/pt/2fa/MFARPZLKJIO3SMXOWJSDCRANMTSGHFL3\n","service":"bm-automation","timestamp":"2026-07-07 02:59:32"}
{"level":"error","message":"   ❌ Erro: input não encontrado\n","service":"bm-automation","timestamp":"2026-07-07 03:01:14"}
{"level":"error","message":"   ❌ Erro: input não encontrado\n","service":"bm-automation","timestamp":"2026-07-07 03:01:21"}
{"level":"error","message":"❌ Falhou após 3 tentativas\n","service":"bm-automation","timestamp":"2026-07-07 03:01:21"}
{"level":"error","message":"❌ ERRO: Execution context was destroyed, most likely because of a navigation.\n","service":"bm-automation","timestamp":"2026-07-07 21:19:59"}
{"level":"error","message":"   ❌ Erro: input não encontrado\n","service":"bm-automation","timestamp":"2026-07-07 21:22:47"}
{"level":"error","message":"   ❌ Erro: input não encontrado\n","service":"bm-automation","timestamp":"2026-07-07 21:22:53"}
{"level":"error","message":"❌ Falhou após 3 tentativas\n","service":"bm-automation","timestamp":"2026-07-07 21:22:53"}
{"level":"error","message":"   ❌ Erro: input não encontrado\n","service":"bm-automation","timestamp":"2026-07-07 21:24:37"}
{"level":"error","message":"   ❌ Erro: input não encontrado\n","service":"bm-automation","timestamp":"2026-07-07 21:24:45"}
{"level":"error","message":"❌ Falhou após 3 tentativas\n","service":"bm-automation","timestamp":"2026-07-07 21:24:45"}
{"level":"error","message":"   ❌ Erro: input não encontrado\n","service":"bm-automation","timestamp":"2026-07-07 22:21:35"}
{"level":"error","message":"   ❌ Erro: input não encontrado\n","service":"bm-automation","timestamp":"2026-07-07 22:21:42"}
{"level":"error","message":"❌ Falhou após 3 tentativas\n","service":"bm-automation","timestamp":"2026-07-07 22:21:42"}
{"level":"error","message":"\n❌ Erro ao criar projeto Render:","service":"bm-automation","timestamp":"2026-07-09 02:22:37"}
{"level":"error","message":"   ownerID is a required field\n","service":"bm-automation","timestamp":"2026-07-09 02:22:37"}
{"level":"error","message":"❌ ERRO: Assignment to constant variable.\n","service":"bm-automation","timestamp":"2026-07-09 02:22:37"}
{"level":"error","message":"\n❌ Erro ao criar projeto Render:","service":"bm-automation","timestamp":"2026-07-09 02:25:00"}
{"level":"error","message":"   ownerID is a required field\n","service":"bm-automation","timestamp":"2026-07-09 02:25:00"}
{"level":"error","message":"❌ ERRO: Assignment to constant variable.\n","service":"bm-automation","timestamp":"2026-07-09 02:25:00"}
{"level":"error","message":"\n❌ Erro ao criar projeto Render:","service":"bm-automation","timestamp":"2026-07-09 02:28:51"}
{"level":"error","message":"   ownerID is a required field\n","service":"bm-automation","timestamp":"2026-07-09 02:28:51"}
{"level":"error","message":"\n❌ Erro ao criar projeto Render:","service":"bm-automation","timestamp":"2026-07-09 02:33:21"}
{"level":"error","message":"   ownerID is a required field\n","service":"bm-automation","timestamp":"2026-07-09 02:33:21"}
{"level":"error","message":"\n❌ Erro ao criar projeto Render:","service":"bm-automation","timestamp":"2026-07-09 02:42:56"}
{"level":"error","message":"   ownerID is a required field\n","service":"bm-automation","timestamp":"2026-07-09 02:42:56"}
{"level":"error","message":"   ❌ Erro: input não encontrado\n","service":"bm-automation","timestamp":"2026-07-09 02:46:30"}
{"level":"error","message":"   ❌ Erro: input não encontrado\n","service":"bm-automation","timestamp":"2026-07-09 02:46:36"}
{"level":"error","message":"❌ Falhou após 3 tentativas\n","service":"bm-automation","timestamp":"2026-07-09 02:46:36"}
{"level":"error","message":"❌ ERRO: Execution context was destroyed, most likely because of a navigation.\n","service":"bm-automation","timestamp":"2026-07-09 02:47:45"}
{"level":"error","message":"\n❌ Erro ao criar projeto Render:","service":"bm-automation","timestamp":"2026-07-09 02:50:51"}
{"level":"error","message":"   ownerID is a required field\n","service":"bm-automation","timestamp":"2026-07-09 02:50:51"}
{"level":"error","message":"\n❌ Erro ao criar projeto Render:","service":"bm-automation","timestamp":"2026-07-09 02:56:44"}
{"level":"error","message":"   ownerID is a required field\n","service":"bm-automation","timestamp":"2026-07-09 02:56:44"}
{"level":"error","message":"\n❌ Erro ao criar projeto Render:","service":"bm-automation","timestamp":"2026-07-09 03:01:25"}
{"level":"error","message":"   ownerID is a required field\n","service":"bm-automation","timestamp":"2026-07-09 03:01:25"}
{"level":"error","message":"   ❌ Erro: input não encontrado\n","service":"bm-automation","timestamp":"2026-07-09 03:04:50"}
{"level":"error","message":"   ❌ Erro: input não encontrado\n","service":"bm-automation","timestamp":"2026-07-09 03:04:56"}
{"level":"error","message":"❌ Falhou após 3 tentativas\n","service":"bm-automation","timestamp":"2026-07-09 03:04:56"}
{"level":"error","message":"\n❌ Erro ao criar projeto Render:","service":"bm-automation","timestamp":"2026-07-09 03:16:42"}
{"level":"error","message":"   ownerID is a required field\n","service":"bm-automation","timestamp":"2026-07-09 03:16:42"}
{"level":"error","message":"\n❌ Erro ao criar projeto Render:","service":"bm-automation","timestamp":"2026-07-09 03:25:45"}
{"level":"error","message":"   ownerID is a required field\n","service":"bm-automation","timestamp":"2026-07-09 03:25:45"}
{"level":"error","message":"\n❌ Erro ao criar projeto Render:","service":"bm-automation","timestamp":"2026-07-09 03:28:10"}
{"level":"error","message":"   ownerID is a required field\n","service":"bm-automation","timestamp":"2026-07-09 03:28:10"}
{"level":"error","message":"\n❌ Erro ao criar projeto Render:","service":"bm-automation","timestamp":"2026-07-09 03:30:25"}
{"level":"error","message":"   ownerID is a required field\n","service":"bm-automation","timestamp":"2026-07-09 03:30:25"}
{"level":"error","message":"❌ ERRO: Requesting main frame too early!\n","service":"bm-automation","timestamp":"2026-07-09 03:37:56"}
{"level":"error","message":"❌ ERRO: tentarModoRapido is not defined\n","service":"bm-automation","timestamp":"2026-07-09 03:38:45"}
{"level":"error","message":"❌ ERRO: tentarModoRapido is not defined\n","service":"bm-automation","timestamp":"2026-07-09 03:39:03"}
{"level":"error","message":"\n❌ Erro ao criar projeto Render:","service":"bm-automation","timestamp":"2026-07-09 03:40:34"}
{"level":"error","message":"   ownerID is a required field\n","service":"bm-automation","timestamp":"2026-07-09 03:40:34"}
{"level":"error","message":"❌ ERRO: Target.createTarget timed out. Increase the 'protocolTimeout' setting in launch/connect calls for a higher timeout if needed.\n","service":"bm-automation","timestamp":"2026-07-09 03:42:51"}
{"level":"error","message":"❌ ERRO: Requesting main frame too early!\n","service":"bm-automation","timestamp":"2026-07-09 03:43:40"}
{"level":"error","message":"\n[==================================================]","service":"bm-automation","timestamp":"2026-07-09 03:56:21"}
{"level":"error","message":"[1/4] ❌ FALHOU: geewa@merepost.com","service":"bm-automation","timestamp":"2026-07-09 03:56:21"}
{"level":"error","message":"Erro: Protocol error: Connection closed. Most likely the page has been closed.","service":"bm-automation","timestamp":"2026-07-09 03:56:21"}
{"level":"error","message":"[==================================================]\n","service":"bm-automation","timestamp":"2026-07-09 03:56:21"}
{"level":"error","message":"❌ ERRO: Execution context was destroyed, most likely because of a navigation.\n","service":"bm-automation","timestamp":"2026-07-09 03:56:58"}
{"level":"error","message":"\n[==================================================]","service":"bm-automation","timestamp":"2026-07-09 03:56:58"}
{"level":"error","message":"[2/4] ❌ FALHOU: ygvak@merepost.com","service":"bm-automation","timestamp":"2026-07-09 03:56:58"}
{"level":"error","message":"Erro: Protocol error: Connection closed. Most likely the page has been closed.","service":"bm-automation","timestamp":"2026-07-09 03:56:58"}
{"level":"error","message":"[==================================================]\n","service":"bm-automation","timestamp":"2026-07-09 03:56:58"}
{"level":"error","message":"\n❌ Erro ao criar projeto Render:","service":"bm-automation","timestamp":"2026-07-09 03:58:20"}
{"level":"error","message":"   ownerID is a required field\n","service":"bm-automation","timestamp":"2026-07-09 03:58:20"}
{"level":"error","message":"\n[==================================================]","service":"bm-automation","timestamp":"2026-07-09 03:58:58"}
{"level":"error","message":"[1/4] ❌ FALHOU: geewa@merepost.com","service":"bm-automation","timestamp":"2026-07-09 03:58:58"}
{"level":"error","message":"Erro: Protocol error: Connection closed. Most likely the page has been closed.","service":"bm-automation","timestamp":"2026-07-09 03:58:58"}
{"level":"error","message":"[==================================================]\n","service":"bm-automation","timestamp":"2026-07-09 03:58:58"}
{"level":"error","message":"\n[==================================================]","service":"bm-automation","timestamp":"2026-07-09 04:00:04"}
{"level":"error","message":"[1/4] ❌ FALHOU: geewa@merepost.com","service":"bm-automation","timestamp":"2026-07-09 04:00:04"}
{"level":"error","message":"Erro: Protocol error: Connection closed. Most likely the page has been closed.","service":"bm-automation","timestamp":"2026-07-09 04:00:04"}
{"level":"error","message":"[==================================================]\n","service":"bm-automation","timestamp":"2026-07-09 04:00:04"}
{"level":"error","message":"\n[==================================================]","service":"bm-automation","timestamp":"2026-07-09 04:02:14"}
{"level":"error","message":"[1/4] ❌ FALHOU: geewa@merepost.com","service":"bm-automation","timestamp":"2026-07-09 04:02:14"}
{"level":"error","message":"Erro: Protocol error: Connection closed. Most likely the page has been closed.","service":"bm-automation","timestamp":"2026-07-09 04:02:14"}
{"level":"error","message":"[==================================================]\n","service":"bm-automation","timestamp":"2026-07-09 04:02:14"}
{"level":"error","message":"\n🔒 CONTA BLOQUEADA DETECTADA NO BUSINESS MANAGER!\n","service":"bm-automation","timestamp":"2026-07-09 04:02:38"}
{"level":"error","message":"❌ A conta foi bloqueada pela Facebook (possível hack)","service":"bm-automation","timestamp":"2026-07-09 04:02:38"}
{"level":"error","message":"   Fechar navegador e marcando como BLOQUEADA...\n","service":"bm-automation","timestamp":"2026-07-09 04:02:38"}
{"level":"error","message":"\n[==================================================]","service":"bm-automation","timestamp":"2026-07-09 04:02:38"}
{"level":"error","message":"[2/4] ❌ FALHOU: ygvak@merepost.com","service":"bm-automation","timestamp":"2026-07-09 04:02:38"}
{"level":"error","message":"Erro: Protocol error: Connection closed. Most likely the page has been closed.","service":"bm-automation","timestamp":"2026-07-09 04:02:38"}
{"level":"error","message":"[==================================================]\n","service":"bm-automation","timestamp":"2026-07-09 04:02:38"}
{"level":"error","message":"\n[==================================================]","service":"bm-automation","timestamp":"2026-07-09 04:02:47"}
{"level":"error","message":"[3/4] ❌ FALHOU: ugyqasv@mailto.plus","service":"bm-automation","timestamp":"2026-07-09 04:02:47"}
{"level":"error","message":"Erro: Protocol error: Connection closed. Most likely the page has been closed.","service":"bm-automation","timestamp":"2026-07-09 04:02:47"}
{"level":"error","message":"[==================================================]\n","service":"bm-automation","timestamp":"2026-07-09 04:02:47"}
{"level":"error","message":"\n[==================================================]","service":"bm-automation","timestamp":"2026-07-09 04:02:55"}
{"level":"error","message":"\n[==================================================]","service":"bm-automation","timestamp":"2026-07-09 04:04:15"}
{"level":"error","message":"[1/4] ❌ FALHOU: geewa@merepost.com","service":"bm-automation","timestamp":"2026-07-09 04:04:15"}
{"level":"error","message":"Erro: Protocol error: Connection closed. Most likely the page has been closed.","service":"bm-automation","timestamp":"2026-07-09 04:04:15"}
{"level":"error","message":"[==================================================]\n","service":"bm-automation","timestamp":"2026-07-09 04:04:15"}
{"level":"error","message":"\n[==================================================]","service":"bm-automation","timestamp":"2026-07-09 04:06:11"}
{"level":"error","message":"[1/4] ❌ FALHOU: geewa@merepost.com","service":"bm-automation","timestamp":"2026-07-09 04:06:11"}
{"level":"error","message":"Erro: Protocol error: Connection closed. Most likely the page has been closed.","service":"bm-automation","timestamp":"2026-07-09 04:06:11"}
{"level":"error","message":"[==================================================]\n","service":"bm-automation","timestamp":"2026-07-09 04:06:11"}
{"level":"error","message":"\n🔒 CONTA BLOQUEADA DETECTADA NA PÁGINA DE DOMÍNIOS!\n","service":"bm-automation","timestamp":"2026-07-09 04:06:25"}
{"level":"error","message":"❌ A conta foi bloqueada pela Facebook (possível hack)","service":"bm-automation","timestamp":"2026-07-09 04:06:25"}
{"level":"error","message":"   Marcando como BLOQUEADA no lista.txt...\n","service":"bm-automation","timestamp":"2026-07-09 04:06:25"}
{"level":"error","message":"\n[==================================================]","service":"bm-automation","timestamp":"2026-07-09 04:06:25"}
{"level":"error","message":"[2/4] ❌ FALHOU: ygvak@merepost.com","service":"bm-automation","timestamp":"2026-07-09 04:06:25"}
{"level":"error","message":"Erro: Protocol error: Connection closed. Most likely the page has been closed.","service":"bm-automation","timestamp":"2026-07-09 04:06:25"}
{"level":"error","message":"[==================================================]\n","service":"bm-automation","timestamp":"2026-07-09 04:06:25"}
{"level":"error","message":"\n[==================================================]","service":"bm-automation","timestamp":"2026-07-09 04:06:39"}
{"level":"error","message":"[3/4] ❌ FALHOU: ugyqasv@mailto.plus","service":"bm-automation","timestamp":"2026-07-09 04:06:39"}
{"level":"error","message":"Erro: Protocol error: Connection closed. Most likely the page has been closed.","service":"bm-automation","timestamp":"2026-07-09 04:06:39"}
{"level":"error","message":"[==================================================]\n","service":"bm-automation","timestamp":"2026-07-09 04:06:39"}
{"level":"error","message":"\n[==================================================]","service":"bm-automation","timestamp":"2026-07-09 04:06:53"}
{"level":"error","message":"\n[==================================================]","service":"bm-automation","timestamp":"2026-07-09 04:08:07"}
{"level":"error","message":"[1/3] ❌ FALHOU: geewa@merepost.com","service":"bm-automation","timestamp":"2026-07-09 04:08:07"}
{"level":"error","message":"Erro: Protocol error: Connection closed. Most likely the page has been closed.","service":"bm-automation","timestamp":"2026-07-09 04:08:08"}
{"level":"error","message":"[==================================================]\n","service":"bm-automation","timestamp":"2026-07-09 04:08:08"}
{"level":"error","message":"\n❌ Erro ao criar projeto Render:","service":"bm-automation","timestamp":"2026-07-09 04:09:36"}
{"level":"error","message":"   ownerID is a required field\n","service":"bm-automation","timestamp":"2026-07-09 04:09:36"}
{"level":"error","message":"\n[==================================================]","service":"bm-automation","timestamp":"2026-07-09 04:14:11"}
{"level":"error","message":"[1/3] ❌ FALHOU: geewa@merepost.com","service":"bm-automation","timestamp":"2026-07-09 04:14:11"}
{"level":"error","message":"Erro: Protocol error: Connection closed. Most likely the page has been closed.","service":"bm-automation","timestamp":"2026-07-09 04:14:11"}
{"level":"error","message":"[==================================================]\n","service":"bm-automation","timestamp":"2026-07-09 04:14:11"}
{"level":"error","message":"\n❌ Erro ao criar projeto Render:","service":"bm-automation","timestamp":"2026-07-09 04:16:14"}
{"level":"error","message":"   ownerID is a required field\n","service":"bm-automation","timestamp":"2026-07-09 04:16:14"}
{"level":"error","message":"\n[==================================================]","service":"bm-automation","timestamp":"2026-07-09 04:19:27"}
{"level":"error","message":"[1/3] ❌ FALHOU: geewa@merepost.com","service":"bm-automation","timestamp":"2026-07-09 04:19:27"}
{"level":"error","message":"Erro: Protocol error: Connection closed. Most likely the page has been closed.","service":"bm-automation","timestamp":"2026-07-09 04:19:27"}
{"level":"error","message":"[==================================================]\n","service":"bm-automation","timestamp":"2026-07-09 04:19:27"}
{"level":"error","message":"\n❌ Erro ao criar projeto Render:","service":"bm-automation","timestamp":"2026-07-09 04:21:23"}
{"level":"error","message":"   ownerID is a required field\n","service":"bm-automation","timestamp":"2026-07-09 04:21:23"}
{"level":"error","message":"❌ Erro ao obter Owner ID: Request failed with status code 404","service":"bm-automation","timestamp":"2026-07-09 04:26:25"}
{"level":"error","message":"\n💡 Configure RENDER_OWNER_ID no arquivo .env","service":"bm-automation","timestamp":"2026-07-09 04:26:25"}
{"level":"error","message":"\n❌ Erro ao criar projeto Render:","service":"bm-automation","timestamp":"2026-07-09 04:26:25"}
{"level":"error","message":"   Request failed with status code 404\n","service":"bm-automation","timestamp":"2026-07-09 04:26:25"}
{"level":"error","message":"❌ Erro ao obter Owner ID: Request failed with status code 404","service":"bm-automation","timestamp":"2026-07-09 04:27:21"}
{"level":"error","message":"\n💡 Configure RENDER_OWNER_ID no arquivo .env","service":"bm-automation","timestamp":"2026-07-09 04:27:21"}
{"level":"error","message":"\n❌ Erro ao criar projeto Render:","service":"bm-automation","timestamp":"2026-07-09 04:27:21"}
{"level":"error","message":"   Request failed with status code 404\n","service":"bm-automation","timestamp":"2026-07-09 04:27:21"}
{"level":"error","message":"\n❌ Erro ao criar projeto Render:","service":"bm-automation","timestamp":"2026-07-09 04:31:33"}
{"level":"error","message":"   invalid ownerID: tev3ul7y6cot6gm7vqd0. valid owner IDs can be found using the /v1/owners API.\n","service":"bm-automation","timestamp":"2026-07-09 04:31:33"}
{"level":"error","message":"\n❌ Erro ao criar projeto Render:","service":"bm-automation","timestamp":"2026-07-09 04:32:29"}
{"level":"error","message":"   invalid ownerID: tev3ul7y6cot6gm7vqd0. valid owner IDs can be found using the /v1/owners API.\n","service":"bm-automation","timestamp":"2026-07-09 04:32:29"}
{"level":"error","message":"\n❌ Erro ao criar projeto Render:","service":"bm-automation","timestamp":"2026-07-09 04:40:45"}
{"level":"error","message":"   must include serviceDetails when creating a non-static service\n","service":"bm-automation","timestamp":"2026-07-09 04:40:45"}
{"level":"error","message":"\n❌ Erro ao criar projeto Render:","service":"bm-automation","timestamp":"2026-07-09 04:43:33"}
{"level":"error","message":"   invalid runtime: . valid runtimes are: [docker, elixir, go, node, python, ruby, rust, image]\n","service":"bm-automation","timestamp":"2026-07-09 04:43:33"}
{"level":"error","message":"\n❌ Erro ao criar projeto Render:","service":"bm-automation","timestamp":"2026-07-09 04:45:08"}
{"level":"error","message":"   Unauthorized\n","service":"bm-automation","timestamp":"2026-07-09 04:45:08"}
{"level":"error","message":"   💡 Verifique se a Render API Key está correta\n","service":"bm-automation","timestamp":"2026-07-09 04:45:08"}
{"level":"error","message":"\n❌ TESTE FALHOU - Nenhum resultado retornado\n","service":"bm-automation","timestamp":"2026-07-09 04:45:08"}
{"level":"error","message":"\n❌ Erro ao criar projeto Render:","service":"bm-automation","timestamp":"2026-07-09 04:46:52"}
{"level":"error","message":"   must include serviceDetails when creating a non-static service\n","service":"bm-automation","timestamp":"2026-07-09 04:46:52"}
{"level":"error","message":"\n❌ TESTE FALHOU - Nenhum resultado retornado\n","service":"bm-automation","timestamp":"2026-07-09 04:46:52"}
{"level":"error","message":"\n❌ Erro ao criar projeto Render:","service":"bm-automation","timestamp":"2026-07-09 04:47:01"}
{"level":"error","message":"   invalid JSON\n","service":"bm-automation","timestamp":"2026-07-09 04:47:01"}
{"level":"error","message":"\n❌ TESTE FALHOU - Nenhum resultado retornado\n","service":"bm-automation","timestamp":"2026-07-09 04:47:01"}
{"level":"error","message":"\n❌ Erro ao criar projeto Render:","service":"bm-automation","timestamp":"2026-07-09 04:47:10"}
{"level":"error","message":"   ownerID is a required field\n","service":"bm-automation","timestamp":"2026-07-09 04:47:10"}
{"level":"error","message":"\n❌ TESTE FALHOU - Nenhum resultado retornado\n","service":"bm-automation","timestamp":"2026-07-09 04:47:10"}
{"level":"error","message":"\n❌ Erro ao criar projeto Render:","service":"bm-automation","timestamp":"2026-07-09 04:47:17"}
{"level":"error","message":"   must include serviceDetails when creating a non-static service\n","service":"bm-automation","timestamp":"2026-07-09 04:47:17"}
{"level":"error","message":"\n❌ TESTE FALHOU - Nenhum resultado retornado\n","service":"bm-automation","timestamp":"2026-07-09 04:47:17"}
{"level":"error","message":"\n❌ Erro ao criar projeto Render:","service":"bm-automation","timestamp":"2026-07-09 04:47:26"}
{"level":"error","message":"   serviceDetails must include envSpecificDetails when creating non-static, non-docker services\n","service":"bm-automation","timestamp":"2026-07-09 04:47:26"}
{"level":"error","message":"\n❌ TESTE FALHOU - Nenhum resultado retornado\n","service":"bm-automation","timestamp":"2026-07-09 04:47:26"}
{"level":"error","message":"\n❌ Erro ao criar projeto Render:","service":"bm-automation","timestamp":"2026-07-09 04:47:32"}
{"level":"error","message":"   buildCommand is required for non-static, non-docker services\n","service":"bm-automation","timestamp":"2026-07-09 04:47:32"}
{"level":"error","message":"\n❌ TESTE FALHOU - Nenhum resultado retornado\n","service":"bm-automation","timestamp":"2026-07-09 04:47:32"}
{"level":"error","message":"\n❌ Erro ao criar projeto Render:","service":"bm-automation","timestamp":"2026-07-09 04:47:40"}
{"level":"error","message":"   invalid runtime: . valid runtimes are: [docker, elixir, go, node, python, ruby, rust, image]\n","service":"bm-automation","timestamp":"2026-07-09 04:47:40"}
{"level":"error","message":"\n❌ TESTE FALHOU - Nenhum resultado retornado\n","service":"bm-automation","timestamp":"2026-07-09 04:47:40"}
{"level":"error","message":"\n❌ Erro ao criar projeto Render:","service":"bm-automation","timestamp":"2026-07-09 04:47:47"}
{"level":"error","message":"   invalid runtime: . valid runtimes are: [docker, elixir, go, node, python, ruby, rust, image]\n","service":"bm-automation","timestamp":"2026-07-09 04:47:47"}
{"level":"error","message":"\n❌ TESTE FALHOU - Nenhum resultado retornado\n","service":"bm-automation","timestamp":"2026-07-09 04:47:47"}
{"level":"error","message":"\n❌ Erro ao criar projeto Render:","service":"bm-automation","timestamp":"2026-07-09 04:47:54"}
{"level":"error","message":"   invalid runtime: . valid runtimes are: [docker, elixir, go, node, python, ruby, rust, image]\n","service":"bm-automation","timestamp":"2026-07-09 04:47:54"}
{"level":"error","message":"\n❌ TESTE FALHOU - Nenhum resultado retornado\n","service":"bm-automation","timestamp":"2026-07-09 04:47:54"}
{"level":"error","message":"\n❌ Erro ao criar projeto Render:","service":"bm-automation","timestamp":"2026-07-09 04:48:03"}
{"level":"error","message":"   must include serviceDetails when creating a non-static service\n","service":"bm-automation","timestamp":"2026-07-09 04:48:03"}
{"level":"error","message":"\n❌ TESTE FALHOU - Nenhum resultado retornado\n","service":"bm-automation","timestamp":"2026-07-09 04:48:03"}
{"level":"error","message":"\n❌ Erro ao criar projeto Render:","service":"bm-automation","timestamp":"2026-07-09 04:48:10"}
{"level":"error","message":"   invalid runtime: . valid runtimes are: [docker, elixir, go, node, python, ruby, rust, image]\n","service":"bm-automation","timestamp":"2026-07-09 04:48:10"}
{"level":"error","message":"\n❌ TESTE FALHOU - Nenhum resultado retornado\n","service":"bm-automation","timestamp":"2026-07-09 04:48:10"}
{"level":"error","message":"\n❌ Erro ao criar projeto Render:","service":"bm-automation","timestamp":"2026-07-09 04:48:23"}
{"level":"error","message":"   invalid runtime: . valid runtimes are: [docker, elixir, go, node, python, ruby, rust, image]\n","service":"bm-automation","timestamp":"2026-07-09 04:48:23"}
{"level":"error","message":"   Resposta completa: {\n  \"message\": \"invalid runtime: . valid runtimes are: [docker, elixir, go, node, python, ruby, rust, image]\"\n}\n","service":"bm-automation","timestamp":"2026-07-09 04:48:23"}
{"level":"error","message":"\n❌ TESTE FALHOU - Nenhum resultado retornado\n","service":"bm-automation","timestamp":"2026-07-09 04:48:23"}
{"level":"error","message":"\n❌ Erro ao criar projeto Render:","service":"bm-automation","timestamp":"2026-07-09 04:48:33"}
{"level":"error","message":"   serviceDetails must include envSpecificDetails when creating non-static, non-docker services\n","service":"bm-automation","timestamp":"2026-07-09 04:48:33"}
{"level":"error","message":"   Resposta completa: {\n  \"message\": \"serviceDetails must include envSpecificDetails when creating non-static, non-docker services\"\n}\n","service":"bm-automation","timestamp":"2026-07-09 04:48:33"}
{"level":"error","message":"\n❌ TESTE FALHOU - Nenhum resultado retornado\n","service":"bm-automation","timestamp":"2026-07-09 04:48:33"}
{"level":"error","message":"\n❌ Erro ao criar projeto Render:","service":"bm-automation","timestamp":"2026-07-09 04:48:40"}
{"level":"error","message":"   Request failed with status code 429\n","service":"bm-automation","timestamp":"2026-07-09 04:48:40"}
{"level":"error","message":"   Resposta completa: {\n  \"error\": \"rate limit exceeded\"\n}\n","service":"bm-automation","timestamp":"2026-07-09 04:48:40"}
{"level":"error","message":"\n❌ TESTE FALHOU - Nenhum resultado retornado\n","service":"bm-automation","timestamp":"2026-07-09 04:48:40"}
{"level":"error","message":"\n❌ Erro ao criar projeto Render:","service":"bm-automation","timestamp":"2026-07-09 04:48:49"}
{"level":"error","message":"   Request failed with status code 429\n","service":"bm-automation","timestamp":"2026-07-09 04:48:49"}
{"level":"error","message":"   Resposta completa: {\n  \"error\": \"rate limit exceeded\"\n}\n","service":"bm-automation","timestamp":"2026-07-09 04:48:49"}
{"level":"error","message":"\n❌ TESTE FALHOU - Nenhum resultado retornado\n","service":"bm-automation","timestamp":"2026-07-09 04:48:49"}
{"level":"error","message":"\n❌ Erro ao criar projeto Render:","service":"bm-automation","timestamp":"2026-07-09 04:49:22"}
{"level":"error","message":"   Request failed with status code 429\n","service":"bm-automation","timestamp":"2026-07-09 04:49:22"}
{"level":"error","message":"   Resposta completa: {\n  \"error\": \"rate limit exceeded\"\n}\n","service":"bm-automation","timestamp":"2026-07-09 04:49:22"}
{"level":"error","message":"\n❌ TESTE FALHOU - Nenhum resultado retornado\n","service":"bm-automation","timestamp":"2026-07-09 04:49:22"}
{"level":"error","message":"\n❌ Erro ao criar projeto Render:","service":"bm-automation","timestamp":"2026-07-09 04:51:39"}
{"level":"error","message":"   Request failed with status code 429\n","service":"bm-automation","timestamp":"2026-07-09 04:51:39"}
{"level":"error","message":"\n❌ Erro ao criar projeto Render:","service":"bm-automation","timestamp":"2026-07-09 04:52:36"}
{"level":"error","message":"   Request failed with status code 429\n","service":"bm-automation","timestamp":"2026-07-09 04:52:36"}
{"level":"error","message":"\n❌ Erro ao criar projeto Render:","service":"bm-automation","timestamp":"2026-07-09 12:10:56"}
{"level":"error","message":"   invalid runtime: . valid runtimes are: [docker, elixir, go, node, python, ruby, rust, image]\n","service":"bm-automation","timestamp":"2026-07-09 12:10:56"}
{"level":"error","message":"\n❌ TESTE FALHOU - Nenhum resultado retornado\n","service":"bm-automation","timestamp":"2026-07-09 12:10:56"}
{"level":"error","message":"\n❌ Erro ao criar projeto Render:","service":"bm-automation","timestamp":"2026-07-09 12:11:08"}
{"level":"error","message":"   invalid runtime: . valid runtimes are: [docker, elixir, go, node, python, ruby, rust, image]\n","service":"bm-automation","timestamp":"2026-07-09 12:11:08"}
{"level":"error","message":"\n❌ TESTE FALHOU - Nenhum resultado retornado\n","service":"bm-automation","timestamp":"2026-07-09 12:11:08"}
{"level":"error","message":"\n❌ Erro ao criar projeto Render:","service":"bm-automation","timestamp":"2026-07-09 12:11:19"}
{"level":"error","message":"   invalid runtime: . valid runtimes are: [docker, elixir, go, node, python, ruby, rust, image]\n","service":"bm-automation","timestamp":"2026-07-09 12:11:19"}
{"level":"error","message":"\n❌ TESTE FALHOU - Nenhum resultado retornado\n","service":"bm-automation","timestamp":"2026-07-09 12:11:19"}
{"level":"error","message":"\n❌ Erro ao criar projeto Render:","service":"bm-automation","timestamp":"2026-07-09 12:12:30"}
{"level":"error","message":"   Payment information is required to complete this request. To add a card, visit https://dashboard.render.com/billing\n","service":"bm-automation","timestamp":"2026-07-09 12:12:30"}
{"level":"error","message":"\n❌ TESTE FALHOU - Nenhum resultado retornado\n","service":"bm-automation","timestamp":"2026-07-09 12:12:30"}
{"level":"error","message":"Erro no browser/login: Requesting main frame too early!","service":"bm-automation","timestamp":"2026-07-09 12:14:12"}
{"level":"error","message":"❌ ERRO: Requesting main frame too early!\n","service":"bm-automation","timestamp":"2026-07-09 12:14:12"}
{"level":"error","message":"\n[==================================================]","service":"bm-automation","timestamp":"2026-07-09 12:14:12"}
{"level":"error","message":"[1/2] ❌ FALHOU: ugyqasv@mailto.plus","service":"bm-automation","timestamp":"2026-07-09 12:14:12"}
{"level":"error","message":"Erro: Protocol error: Connection closed. Most likely the page has been closed.","service":"bm-automation","timestamp":"2026-07-09 12:14:12"}
{"level":"error","message":"[==================================================]\n","service":"bm-automation","timestamp":"2026-07-09 12:14:12"}
{"level":"error","message":"Erro no browser/login: Requesting main frame too early!","service":"bm-automation","timestamp":"2026-07-09 12:14:29"}
{"level":"error","message":"\n❌ Erro ao criar projeto Render:","service":"bm-automation","timestamp":"2026-07-09 12:14:35"}
{"level":"error","message":"   Payment information is required to complete this request. To add a card, visit https://dashboard.render.com/billing\n","service":"bm-automation","timestamp":"2026-07-09 12:14:35"}
{"level":"error","message":"\n❌ TESTE FALHOU - Nenhum resultado retornado\n","service":"bm-automation","timestamp":"2026-07-09 12:14:35"}
{"level":"error","message":"\n❌ Erro ao criar projeto Render:","service":"bm-automation","timestamp":"2026-07-09 12:14:45"}
{"level":"error","message":"   Payment information is required to complete this request. To add a card, visit https://dashboard.render.com/billing\n","service":"bm-automation","timestamp":"2026-07-09 12:14:45"}
{"level":"error","message":"\n❌ TESTE FALHOU - Nenhum resultado retornado\n","service":"bm-automation","timestamp":"2026-07-09 12:14:45"}
{"level":"error","message":"\n❌ Erro ao criar projeto Render:","service":"bm-automation","timestamp":"2026-07-09 18:11:49"}
{"level":"error","message":"   name: (cnpj-99888777) already in use\n","service":"bm-automation","timestamp":"2026-07-09 18:11:49"}
{"level":"error","message":"\n❌ TESTE FALHOU - Nenhum resultado retornado\n","service":"bm-automation","timestamp":"2026-07-09 18:11:49"}
{"level":"error","message":"\n❌ Erro ao criar projeto Render:","service":"bm-automation","timestamp":"2026-07-09 18:37:51"}
{"level":"error","message":"   name: (cnpj-10247381) already in use\n","service":"bm-automation","timestamp":"2026-07-09 18:37:51"}
{"level":"error","message":"❌ ERRO: Requesting main frame too early!\n","service":"bm-automation","timestamp":"2026-07-09 18:43:38"}
{"level":"error","message":"\n[==================================================]","service":"bm-automation","timestamp":"2026-07-09 18:43:38"}
{"level":"error","message":"[1/2] ❌ FALHOU: ugyqasv@mailto.plus","service":"bm-automation","timestamp":"2026-07-09 18:43:38"}
{"level":"error","message":"Erro: Protocol error: Connection closed. Most likely the page has been closed.","service":"bm-automation","timestamp":"2026-07-09 18:43:38"}
{"level":"error","message":"[==================================================]\n","service":"bm-automation","timestamp":"2026-07-09 18:43:38"}
{"level":"error","message":"❌ ERRO: Requesting main frame too early!\n","service":"bm-automation","timestamp":"2026-07-09 18:56:10"}
{"level":"error","message":"\n[==================================================]","service":"bm-automation","timestamp":"2026-07-09 18:56:10"}
{"level":"error","message":"[1/2] ❌ FALHOU: ugyqasv@mailto.plus","service":"bm-automation","timestamp":"2026-07-09 18:56:10"}
{"level":"error","message":"Erro: Protocol error: Connection closed. Most likely the page has been closed.","service":"bm-automation","timestamp":"2026-07-09 18:56:10"}
{"level":"error","message":"[==================================================]\n","service":"bm-automation","timestamp":"2026-07-09 18:56:10"}
{"level":"error","message":"Erro no browser/login: Requesting main frame too early!","service":"bm-automation","timestamp":"2026-07-09 18:56:21"}
{"level":"error","message":"❌ ERRO: Requesting main frame too early!\n","service":"bm-automation","timestamp":"2026-07-09 18:57:36"}
{"level":"error","message":"\n[==================================================]","service":"bm-automation","timestamp":"2026-07-09 18:57:36"}
{"level":"error","message":"[1/2] ❌ FALHOU: ugyqasv@mailto.plus","service":"bm-automation","timestamp":"2026-07-09 18:57:36"}
{"level":"error","message":"Erro: Protocol error: Connection closed. Most likely the page has been closed.","service":"bm-automation","timestamp":"2026-07-09 18:57:36"}
{"level":"error","message":"[==================================================]\n","service":"bm-automation","timestamp":"2026-07-09 18:57:36"}
{"level":"error","message":"\n[==================================================]","service":"bm-automation","timestamp":"2026-07-09 21:28:22"}
{"level":"error","message":"[1/2] ❌ FALHOU: ugyqasv@mailto.plus","service":"bm-automation","timestamp":"2026-07-09 21:28:22"}
{"level":"error","message":"Erro: Protocol error: Connection closed. Most likely the page has been closed.","service":"bm-automation","timestamp":"2026-07-09 21:28:22"}
{"level":"error","message":"[==================================================]\n","service":"bm-automation","timestamp":"2026-07-09 21:28:22"}
{"level":"error","message":"❌ ERRO: Execution context was destroyed, most likely because of a navigation.\n","service":"bm-automation","timestamp":"2026-07-09 21:35:58"}
{"level":"error","message":"❌ ERRO: previewUrl is not defined\n","service":"bm-automation","timestamp":"2026-07-09 21:57:26"}
{"level":"error","message":"❌ ERRO: Protocol error (Runtime.callFunctionOn): Target closed\n","service":"bm-automation","timestamp":"2026-07-09 22:01:22"}
{"level":"error","message":"\n[==================================================]","service":"bm-automation","timestamp":"2026-07-09 22:01:22"}
{"level":"error","message":"❌ Botão não encontrado\n","service":"bm-automation","timestamp":"2026-07-09 22:06:59"}
{"level":"error","message":"❌ Não conseguiu preencher dados\n","service":"bm-automation","timestamp":"2026-07-09 22:07:47"}
{"level":"error","message":"   ❌ Não foi possível obter token","service":"bm-automation","timestamp":"2026-07-09 22:14:08"}
{"level":"error","message":"\n[==================================================]","service":"bm-automation","timestamp":"2026-07-09 22:18:59"}
{"level":"error","message":"❌ ERRO: Requesting main frame too early!\n","service":"bm-automation","timestamp":"2026-07-09 22:23:21"}
{"level":"error","message":"Erro no browser/login: Requesting main frame too early!","service":"bm-automation","timestamp":"2026-07-09 22:24:19"}
{"level":"error","message":"Erro no browser/login: Navigating frame was detached","service":"bm-automation","timestamp":"2026-07-09 22:26:41"}
{"level":"error","message":"\n[==================================================]","service":"bm-automation","timestamp":"2026-07-09 22:27:49"}
{"level":"error","message":"[1/3] ❌ FALHOU: geewa@merepost.com","service":"bm-automation","timestamp":"2026-07-09 22:27:49"}
{"level":"error","message":"Erro: Protocol error: Connection closed. Most likely the page has been closed.","service":"bm-automation","timestamp":"2026-07-09 22:27:49"}
{"level":"error","message":"[==================================================]\n","service":"bm-automation","timestamp":"2026-07-09 22:27:49"}
{"level":"error","message":"\n[==================================================]","service":"bm-automation","timestamp":"2026-07-09 22:28:15"}
{"level":"error","message":"[2/3] ❌ FALHOU: ugyqasv@mailto.plus","service":"bm-automation","timestamp":"2026-07-09 22:28:15"}
{"level":"error","message":"Erro: Protocol error: Connection closed. Most likely the page has been closed.","service":"bm-automation","timestamp":"2026-07-09 22:28:15"}
{"level":"error","message":"[==================================================]\n","service":"bm-automation","timestamp":"2026-07-09 22:28:15"}
{"level":"error","message":"❌ ERRO: Execution context was destroyed, most likely because of a navigation.\n","service":"bm-automation","timestamp":"2026-07-09 22:29:27"}
{"level":"error","message":"\n[==================================================]","service":"bm-automation","timestamp":"2026-07-09 22:51:35"}
{"level":"error","message":"[1/3] ❌ FALHOU: geewa@merepost.com","service":"bm-automation","timestamp":"2026-07-09 22:51:35"}
{"level":"error","message":"Erro: Protocol error: Connection closed. Most likely the page has been closed.","service":"bm-automation","timestamp":"2026-07-09 22:51:35"}
{"level":"error","message":"[==================================================]\n","service":"bm-automation","timestamp":"2026-07-09 22:51:35"}
{"level":"error","message":"\n[==================================================]","service":"bm-automation","timestamp":"2026-07-09 22:53:36"}
{"level":"error","message":"[1/3] ❌ FALHOU: geewa@merepost.com","service":"bm-automation","timestamp":"2026-07-09 22:53:36"}
{"level":"error","message":"Erro: Protocol error: Connection closed. Most likely the page has been closed.","service":"bm-automation","timestamp":"2026-07-09 22:53:36"}
{"level":"error","message":"[==================================================]\n","service":"bm-automation","timestamp":"2026-07-09 22:53:36"}
{"level":"error","message":"Erro no browser/login: Requesting main frame too early!","service":"bm-automation","timestamp":"2026-07-09 22:53:48"}
{"level":"error","message":"❌ ERRO: Requesting main frame too early!\n","service":"bm-automation","timestamp":"2026-07-09 22:53:48"}
{"level":"error","message":"\n[==================================================]","service":"bm-automation","timestamp":"2026-07-09 22:53:48"}
{"level":"error","message":"[2/3] ❌ FALHOU: ugyqasv@mailto.plus","service":"bm-automation","timestamp":"2026-07-09 22:53:48"}
{"level":"error","message":"Erro: Protocol error: Connection closed. Most likely the page has been closed.","service":"bm-automation","timestamp":"2026-07-09 22:53:48"}
{"level":"error","message":"[==================================================]\n","service":"bm-automation","timestamp":"2026-07-09 22:53:48"}
{"level":"error","message":"Erro no browser/login: Requesting main frame too early!","service":"bm-automation","timestamp":"2026-07-09 22:53:52"}
{"level":"error","message":"❌ ERRO: Requesting main frame too early!\n","service":"bm-automation","timestamp":"2026-07-09 23:04:11"}
{"level":"error","message":"\n[==================================================]","service":"bm-automation","timestamp":"2026-07-09 23:04:11"}
{"level":"error","message":"[1/3] ❌ FALHOU: geewa@merepost.com","service":"bm-automation","timestamp":"2026-07-09 23:04:11"}
{"level":"error","message":"Erro: Protocol error: Connection closed. Most likely the page has been closed.","service":"bm-automation","timestamp":"2026-07-09 23:04:11"}
{"level":"error","message":"[==================================================]\n","service":"bm-automation","timestamp":"2026-07-09 23:04:11"}
{"level":"error","message":"\n[==================================================]","service":"bm-automation","timestamp":"2026-07-09 23:04:39"}
{"level":"error","message":"[2/3] ❌ FALHOU: ugyqasv@mailto.plus","service":"bm-automation","timestamp":"2026-07-09 23:04:39"}
{"level":"error","message":"Erro: Protocol error: Connection closed. Most likely the page has been closed.","service":"bm-automation","timestamp":"2026-07-09 23:04:39"}
{"level":"error","message":"[==================================================]\n","service":"bm-automation","timestamp":"2026-07-09 23:04:39"}
{"level":"error","message":"Erro no browser/login: Requesting main frame too early!","service":"bm-automation","timestamp":"2026-07-09 23:04:54"}
{"level":"error","message":"\n❌ Erro ao criar projeto Render:","service":"bm-automation","timestamp":"2026-07-11 09:57:03"}
{"level":"error","message":"   Unauthorized\n","service":"bm-automation","timestamp":"2026-07-11 09:57:03"}
{"level":"error","message":"   💡 Verifique se a Render API Key está correta\n","service":"bm-automation","timestamp":"2026-07-11 09:57:03"}
{"level":"error","message":"\n❌ Erro ao criar projeto Render:","service":"bm-automation","timestamp":"2026-07-11 12:51:44"}
{"level":"error","message":"   Unauthorized\n","service":"bm-automation","timestamp":"2026-07-11 12:51:44"}
{"level":"error","message":"   💡 Verifique se a Render API Key está correta\n","service":"bm-automation","timestamp":"2026-07-11 12:51:44"}
{"level":"error","message":"\n❌ Erro ao criar projeto Render:","service":"bm-automation","timestamp":"2026-07-11 12:57:14"}
{"level":"error","message":"   forbidden\n","service":"bm-automation","timestamp":"2026-07-11 12:57:14"}
{"level":"error","message":"\n❌ TESTE FALHOU - Nenhum resultado retornado\n","service":"bm-automation","timestamp":"2026-07-11 12:57:14"}
{"level":"error","message":"\n❌ Erro ao criar projeto Render:","service":"bm-automation","timestamp":"2026-07-11 12:58:54"}
{"level":"error","message":"   invalid repository\n","service":"bm-automation","timestamp":"2026-07-11 12:58:54"}
{"level":"error","message":"\n❌ TESTE FALHOU - Nenhum resultado retornado\n","service":"bm-automation","timestamp":"2026-07-11 12:58:54"}
{"level":"error","message":"\n❌ Erro ao criar projeto Render:","service":"bm-automation","timestamp":"2026-07-11 13:02:55"}
{"level":"error","message":"   branch main does not exist in the repository\n","service":"bm-automation","timestamp":"2026-07-11 13:02:55"}
{"level":"error","message":"\n❌ TESTE FALHOU - Nenhum resultado retornado\n","service":"bm-automation","timestamp":"2026-07-11 13:02:55"}
{"level":"error","message":"\n❌ Erro ao criar projeto Render:","service":"bm-automation","timestamp":"2026-07-11 13:08:02"}
{"level":"error","message":"   branch main does not exist in the repository\n","service":"bm-automation","timestamp":"2026-07-11 13:08:02"}
{"level":"error","message":"\n❌ TESTE FALHOU - Nenhum resultado retornado\n","service":"bm-automation","timestamp":"2026-07-11 13:08:02"}
{"level":"error","message":"\n❌ Erro ao criar projeto Render:","service":"bm-automation","timestamp":"2026-07-11 13:10:19"}
{"level":"error","message":"   branch main does not exist in the repository\n","service":"bm-automation","timestamp":"2026-07-11 13:10:19"}
{"level":"error","message":"\n❌ TESTE FALHOU - Nenhum resultado retornado\n","service":"bm-automation","timestamp":"2026-07-11 13:10:19"}
{"level":"error","message":"\n❌ Erro ao criar projeto Render:","service":"bm-automation","timestamp":"2026-07-11 13:12:30"}
{"level":"error","message":"   branch main does not exist in the repository\n","service":"bm-automation","timestamp":"2026-07-11 13:12:30"}
{"level":"error","message":"\n❌ TESTE FALHOU - Nenhum resultado retornado\n","service":"bm-automation","timestamp":"2026-07-11 13:12:30"}
{"level":"error","message":"\n❌ Erro ao criar projeto Render:","service":"bm-automation","timestamp":"2026-07-11 13:35:11"}
{"level":"error","message":"   Unauthorized\n","service":"bm-automation","timestamp":"2026-07-11 13:35:11"}
{"level":"error","message":"   💡 Verifique se a Render API Key está correta\n","service":"bm-automation","timestamp":"2026-07-11 13:35:11"}
{"level":"error","message":"\n❌ Erro ao criar projeto Render:","service":"bm-automation","timestamp":"2026-07-11 13:36:10"}
{"level":"error","message":"   Unauthorized\n","service":"bm-automation","timestamp":"2026-07-11 13:36:10"}
{"level":"error","message":"   💡 Verifique se a Render API Key está correta\n","service":"bm-automation","timestamp":"2026-07-11 13:36:10"}
{"level":"error","message":"\n❌ Erro ao criar projeto Render:","service":"bm-automation","timestamp":"2026-07-11 13:37:09"}
{"level":"error","message":"   Unauthorized\n","service":"bm-automation","timestamp":"2026-07-11 13:37:09"}
{"level":"error","message":"   💡 Verifique se a Render API Key está correta\n","service":"bm-automation","timestamp":"2026-07-11 13:37:09"}
{"level":"error","message":"   ❌ Máximo de tentativas com domínios diferentes atingido\n","service":"bm-automation","timestamp":"2026-07-11 13:38:08"}
{"level":"error","message":"\n❌ Erro ao criar projeto Render:","service":"bm-automation","timestamp":"2026-07-11 13:47:58"}
{"level":"error","message":"   Unauthorized\n","service":"bm-automation","timestamp":"2026-07-11 13:47:58"}
{"level":"error","message":"   💡 Verifique se a Render API Key está correta\n","service":"bm-automation","timestamp":"2026-07-11 13:47:58"}
{"level":"error","message":"❌ ERRO: Requesting main frame too early!\n","service":"bm-automation","timestamp":"2026-07-11 13:48:51"}
{"level":"error","message":"\n[==================================================]","service":"bm-automation","timestamp":"2026-07-11 13:48:51"}
{"level":"error","message":"[1/2] ❌ FALHOU: geewa@merepost.com","service":"bm-automation","timestamp":"2026-07-11 13:48:51"}
{"level":"error","message":"Erro: Protocol error: Connection closed. Most likely the page has been closed.","service":"bm-automation","timestamp":"2026-07-11 13:48:51"}
{"level":"error","message":"[==================================================]\n","service":"bm-automation","timestamp":"2026-07-11 13:48:51"}
{"level":"error","message":"❌ Business ID não encontrado em lista.txt","service":"bm-automation","timestamp":"2026-07-11 13:53:30"}
{"level":"error","message":"\n❌ Erro ao criar projeto Render:","service":"bm-automation","timestamp":"2026-07-11 13:54:00"}
{"level":"error","message":"   name: (cnpj-12345678) already in use\n","service":"bm-automation","timestamp":"2026-07-11 13:54:00"}
{"level":"error","message":"\n❌ Erro ao criar projeto Render:","service":"bm-automation","timestamp":"2026-07-11 13:57:05"}
{"level":"error","message":"   name: (cnpj-12345678) already in use\n","service":"bm-automation","timestamp":"2026-07-11 13:57:05"}
{"level":"error","message":"\n❌ Erro ao criar projeto Render:","service":"bm-automation","timestamp":"2026-07-11 13:58:53"}
{"level":"error","message":"   name: (cnpj-12345678) already in use\n","service":"bm-automation","timestamp":"2026-07-11 13:58:53"}
{"level":"error","message":"\n❌ Erro ao criar projeto Render:","service":"bm-automation","timestamp":"2026-07-11 14:01:18"}
{"level":"error","message":"   name: (cnpj-12345678) already in use\n","service":"bm-automation","timestamp":"2026-07-11 14:01:18"}
{"level":"error","message":"\n❌ Erro ao criar projeto Render:","service":"bm-automation","timestamp":"2026-07-11 14:05:19"}
{"level":"error","message":"   name: (cnpj-12345678) already in use\n","service":"bm-automation","timestamp":"2026-07-11 14:05:19"}
{"level":"error","message":"\n❌ ERRO: logger is not defined\n","service":"bm-automation","timestamp":"2026-07-11 14:05:25"}
{"level":"error","message":"\n❌ Erro ao criar projeto Render:","service":"bm-automation","timestamp":"2026-07-11 14:08:32"}
{"level":"error","message":"   name: (cnpj-12345678) already in use\n","service":"bm-automation","timestamp":"2026-07-11 14:08:32"}
{"level":"error","message":"\n❌ ERRO: logger is not defined\n","service":"bm-automation","timestamp":"2026-07-11 14:08:38"}
{"level":"error","message":"\n❌ ERRO DETECTADO: PORTFOLIO_NAO_PERMITIDO\n","service":"bm-automation","timestamp":"2026-07-11 14:11:01"}
{"level":"error","message":"\n❌ ERRO DETECTADO: PORTFOLIO_NAO_PERMITIDO\n","service":"bm-automation","timestamp":"2026-07-11 14:14:23"}
{"level":"error","message":"\n❌ Erro ao criar projeto Render:","service":"bm-automation","timestamp":"2026-07-11 14:15:00"}
{"level":"error","message":"   name: (cnpj-12345678) already in use\n","service":"bm-automation","timestamp":"2026-07-11 14:15:00"}
{"level":"error","message":"\n❌ ERRO: logger is not defined\n","service":"bm-automation","timestamp":"2026-07-11 14:15:06"}
{"level":"error","message":"\n❌ Erro ao criar projeto Render:","service":"bm-automation","timestamp":"2026-07-11 14:18:32"}
{"level":"error","message":"   name: (cnpj-12345678) already in use\n","service":"bm-automation","timestamp":"2026-07-11 14:18:32"}
{"level":"error","message":"\n❌ Erro ao criar projeto Render:","service":"bm-automation","timestamp":"2026-07-11 14:24:49"}
{"level":"error","message":"   name: (cnpj-12345678) already in use\n","service":"bm-automation","timestamp":"2026-07-11 14:24:49"}
{"level":"error","message":"\n❌ ERRO: Requesting main frame too early!\n","service":"bm-automation","timestamp":"2026-07-11 14:34:39"}
{"level":"error","message":"\n❌ ERRO: Requesting main frame too early!\n","service":"bm-automation","timestamp":"2026-07-11 14:35:51"}
{"level":"error","message":"\n❌ ERRO: Requesting main frame too early!\n","service":"bm-automation","timestamp":"2026-07-11 14:36:56"}
{"level":"error","message":"\n❌ ERRO: logger is not defined\n","service":"bm-automation","timestamp":"2026-07-11 14:38:09"}
{"level":"error","message":"\n❌ ERRO: dominio is not defined\n","service":"bm-automation","timestamp":"2026-07-11 14:48:39"}
{"level":"error","message":"\n❌ Erro ao criar projeto Render:","service":"bm-automation","timestamp":"2026-07-11 14:55:00"}
{"level":"error","message":"   name: (cnpj-17837924) already in use\n","service":"bm-automation","timestamp":"2026-07-11 14:55:00"}
{"level":"error","message":"\n❌ ERRO: logger is not defined\n","service":"bm-automation","timestamp":"2026-07-11 15:06:30"}
{"level":"error","message":"\n❌ Erro ao criar projeto Render:","service":"bm-automation","timestamp":"2026-07-11 19:23:33"}
{"level":"error","message":"   name: (cnpj-17838086) already in use\n","service":"bm-automation","timestamp":"2026-07-11 19:23:33"}
{"level":"error","message":"\n❌ ERRO: Requesting main frame too early!\n","service":"bm-automation","timestamp":"2026-07-11 19:24:15"}
{"level":"error","message":"\n❌ Erro ao criar projeto Render:","service":"bm-automation","timestamp":"2026-07-11 19:24:33"}
{"level":"error","message":"   name: (cnpj-17838086) already in use\n","service":"bm-automation","timestamp":"2026-07-11 19:24:33"}
{"level":"error","message":"\n❌ ERRO: Protocol error (Runtime.callFunctionOn): Session closed. Most likely the page has been closed.\n","service":"bm-automation","timestamp":"2026-07-11 19:24:46"}
{"level":"error","message":"\n❌ Erro ao criar projeto Render:","service":"bm-automation","timestamp":"2026-07-11 19:24:51"}
{"level":"error","message":"   name: (cnpj-17838086) already in use\n","service":"bm-automation","timestamp":"2026-07-11 19:24:51"}
{"level":"error","message":"\n❌ ERRO: Requesting main frame too early!\n","service":"bm-automation","timestamp":"2026-07-11 19:24:56"}
{"level":"error","message":"\n❌ Meta tag não foi atualizado no site após várias tentativas!\n","service":"bm-automation","timestamp":"2026-07-11 19:46:47"}
{"level":"error","message":"\n❌ Meta tag não foi atualizado no site após várias tentativas!\n","service":"bm-automation","timestamp":"2026-07-11 19:52:34"}
{"level":"error","message":"   ❌ Meta Charset","service":"bm-automation","timestamp":"2026-07-11 20:31:21"}
{"level":"error","message":"   ❌ Meta tag é self-closing","service":"bm-automation","timestamp":"2026-07-11 20:31:21"}
{"level":"error","message":"   ❌ Meta Charset","service":"bm-automation","timestamp":"2026-07-11 20:32:22"}
{"level":"error","message":"   ❌ Meta tag é self-closing","service":"bm-automation","timestamp":"2026-07-11 20:32:22"}
{"level":"error","message":"❌ Modal NÃO foi aberto! Input não encontrado.\n","service":"bm-automation","timestamp":"2026-07-11 20:39:40"}
{"level":"error","message":"\n❌ \"Criar um domínio\" NÃO ENCONTRADO NA PÁGINA\n","service":"bm-automation","timestamp":"2026-07-11 20:43:05"}
{"level":"error","message":"❌ Modal NÃO foi aberto! Input não encontrado.\n","service":"bm-automation","timestamp":"2026-07-11 20:44:28"}
{"level":"error","message":"❌ Nenhum Business ID tem permissão para criar domínios\n","service":"bm-automation","timestamp":"2026-07-11 20:45:29"}
{"level":"error","message":"   ❌ Erro: Cannot access 'url' before initialization\n","service":"bm-automation","timestamp":"2026-07-11 20:47:04"}
{"level":"error","message":"   ❌ Erro: Cannot access 'url' before initialization\n","service":"bm-automation","timestamp":"2026-07-11 20:47:04"}
{"level":"error","message":"\n❌ Erro: Requesting main frame too early!\n","service":"bm-automation","timestamp":"2026-07-11 20:52:30"}
{"level":"error","message":"❌ \"não pode usar\"","service":"bm-automation","timestamp":"2026-07-11 20:59:00"}
{"level":"error","message":"❌ Meta tag não foi verificado\n","service":"bm-automation","timestamp":"2026-07-11 21:01:48"}
{"level":"error","message":"❌ Erro HTTP: 401","service":"bm-automation","timestamp":"2026-07-11 21:09:46"}
{"level":"error","message":"❌ Não foi possível obter dados do CNPJ","service":"bm-automation","timestamp":"2026-07-11 21:09:46"}
{"level":"error","message":"❌ Nenhum token recebido","service":"bm-automation","timestamp":"2026-07-11 21:10:15"}
{"level":"error","message":"❌ Não foi possível autenticar","service":"bm-automation","timestamp":"2026-07-11 21:10:15"}
{"level":"error","message":"❌ Não foi possível obter dados do CNPJ","service":"bm-automation","timestamp":"2026-07-11 21:10:15"}
{"level":"error","message":"❌ Erro HTTP: 429","service":"bm-automation","timestamp":"2026-07-11 21:10:44"}
{"level":"error","message":"❌ Não foi possível autenticar","service":"bm-automation","timestamp":"2026-07-11 21:10:44"}
{"level":"error","message":"❌ Não foi possível obter dados do CNPJ","service":"bm-automation","timestamp":"2026-07-11 21:10:44"}
{"level":"error","message":"❌ Erro HTTP: 401","service":"bm-automation","timestamp":"2026-07-11 21:11:03"}
{"level":"error","message":"❌ Não foi possível obter dados do CNPJ","service":"bm-automation","timestamp":"2026-07-11 21:11:03"}
{"level":"error","message":"❌ Erro HTTP: 401","service":"bm-automation","timestamp":"2026-07-11 21:11:14"}
{"level":"error","message":"❌ Não foi possível obter dados do CNPJ","service":"bm-automation","timestamp":"2026-07-11 21:11:14"}
{"level":"error","message":"❌ Erro HTTP: 401","service":"bm-automation","timestamp":"2026-07-11 21:11:40"}
{"level":"error","message":"❌ Não foi possível obter dados do CNPJ","service":"bm-automation","timestamp":"2026-07-11 21:11:40"}
{"level":"error","message":"\n❌ Erro: Requesting main frame too early!\n","service":"bm-automation","timestamp":"2026-07-11 21:16:39"}
{"level":"error","message":"❌ Erro ao buscar dados: Protocol error (Runtime.callFunctionOn): Session closed. Most likely the page has been closed.\n","service":"bm-automation","timestamp":"2026-07-11 21:21:18"}
{"level":"error","message":"❌ Não foi possível obter dados","service":"bm-automation","timestamp":"2026-07-11 21:21:18"}
{"level":"error","message":"\n❌ Erro: logger is not defined\n","service":"bm-automation","timestamp":"2026-07-11 21:36:09"}
{"level":"error","message":"\n❌ Erro: siteUrl is not defined\n","service":"bm-automation","timestamp":"2026-07-11 21:39:41"}
{"level":"error","message":"❌ Erro HTTP: 404\n","service":"bm-automation","timestamp":"2026-07-11 21:41:10"}
{"level":"error","message":"❌ Erro retornado pela API:\n","service":"bm-automation","timestamp":"2026-07-11 21:41:38"}
{"level":"error","message":"Message: ownerID is a required field","service":"bm-automation","timestamp":"2026-07-11 21:41:38"}
{"level":"error","message":"❌ Erro:\n","service":"bm-automation","timestamp":"2026-07-11 21:42:54"}
{"level":"error","message":"Message: must include serviceDetails when creating a non-static service","service":"bm-automation","timestamp":"2026-07-11 21:42:54"}
{"level":"error","message":"❌ repo is required when using service type: static_site\n","service":"bm-automation","timestamp":"2026-07-11 21:43:05"}
